npm warn Unknown project config "shamefully-hoist". This will stop working in the next major version of npm.

> lf-todo@1.0.0 build:win
> npm run build && electron-builder --win

npm warn Unknown env config "shamefully-hoist". This will stop working in the next major version of npm.
npm warn Unknown project config "shamefully-hoist". This will stop working in the next major version of npm.

> lf-todo@1.0.0 build
> npm run typecheck && electron-vite build

npm warn Unknown env config "shamefully-hoist". This will stop working in the next major version of npm.
npm warn Unknown project config "shamefully-hoist". This will stop working in the next major version of npm.

> lf-todo@1.0.0 typecheck
> npm run typecheck:node && npm run typecheck:web

npm warn Unknown env config "shamefully-hoist". This will stop working in the next major version of npm.
npm warn Unknown project config "shamefully-hoist". This will stop working in the next major version of npm.

> lf-todo@1.0.0 typecheck:node
> tsc --noEmit -p tsconfig.node.json --composite false

npm warn Unknown env config "shamefully-hoist". This will stop working in the next major version of npm.
npm warn Unknown project config "shamefully-hoist". This will stop working in the next major version of npm.

> lf-todo@1.0.0 typecheck:web
> vue-tsc --noEmit -p tsconfig.web.json --composite false

[36mvite v7.3.1 [32mbuilding ssr environment for production...[36m[39m
(node:23984) [MODULE_TYPELESS_PACKAGE_JSON] Warning: Module type of file:///D:/playground/lf-todo/postcss.config.js?t=1770089238552 is not specified and it doesn't parse as CommonJS.
Reparsing as ES module because module syntax was detected. This incurs a performance overhead.
To eliminate this warning, add "type": "module" to D:\playground\lf-todo\package.json.
(Use `node --trace-warnings ...` to show where the warning was created)
transforming...
[32m✓[39m 3 modules transformed.
rendering chunks...
[2mout/main/[22m[36mindex.js  [39m[1m[2m6.51 kB[22m[1m[22m
[32m✓ built in 491ms[39m
[36mvite v7.3.1 [32mbuilding ssr environment for production...[36m[39m
(node:23984) [MODULE_TYPELESS_PACKAGE_JSON] Warning: Module type of file:///D:/playground/lf-todo/postcss.config.js?t=1770089239012 is not specified and it doesn't parse as CommonJS.
Reparsing as ES module because module syntax was detected. This incurs a performance overhead.
To eliminate this warning, add "type": "module" to D:\playground\lf-todo\package.json.
(Use `node --trace-warnings ...` to show where the warning was created)
transforming...
[32m✓[39m 1 modules transformed.
rendering chunks...
[2mout/preload/[22m[36mindex.js  [39m[1m[2m1.63 kB[22m[1m[22m
[32m✓ built in 20ms[39m
[36mvite v7.3.1 [32mbuilding client environment for production...[36m[39m
transforming...
[32m✓[39m 35 modules transformed.
rendering chunks...
[2m../../out/renderer/[22m[32mindex.html                 [39m[1m[2m  0.55 kB[22m[1m[22m
[2m../../out/renderer/[22m[35massets/index-DZkIcY7F.css  [39m[1m[2m 20.75 kB[22m[1m[22m
[2m../../out/renderer/[22m[36massets/index-B_NkMw0V.js   [39m[1m[2m231.44 kB[22m[1m[22m
[32m✓ built in 2.15s[39m
  • electron-builder  version=26.7.0 os=10.0.26100
  • loaded configuration  file=D:\playground\lf-todo\electron-builder.yml
  • skipped dependencies rebuild  reason=npmRebuild is set to false
  • packaging       platform=win32 arch=x64 electron=39.4.0 appOutDir=dist\win-unpacked
  • searching for node modules  pm=pnpm searchDir=D:\playground\lf-todo
  • updating asar integrity executable resource  executablePath=dist\win-unpacked\lf-todo.exe
  • signing with signtool.exe  path=dist\win-unpacked\lf-todo.exe
  • building        target=nsis file=dist\lf-todo-1.0.0-setup.exe archs=x64 oneClick=false perMachine=false
  • signing with signtool.exe  path=dist\win-unpacked\resources\elevate.exe
  ⨯ C:\Users\lsym005061\AppData\Local\electron-builder\Cache\nsis\nsis-3.0.4.1-nsis-3.0.4.1\Bin\makensis.exe process failed ERR_ELECTRON_BUILDER_CANNOT_EXECUTE
Exit code:
1
Output:
Command line defined: "APP_ID=com.lf.todo"
Command line defined: "APP_GUID=90731414-4ae5-5132-ae23-e7f9d3e2f4aa"
Command line defined: "UNINSTALL_APP_KEY=90731414-4ae5-5132-ae23-e7f9d3e2f4aa"
Command line defined: "PRODUCT_NAME=�������"
Command line defined: "PRODUCT_FILENAME=lf-todo"
Command line defined: "APP_FILENAME=lf-todo"
Command line defined: "APP_DESCRIPTION=������� - ���������ش��������������"
Command line defined: "VERSION=1.0.0"
Command line defined: "PROJECT_DIR=D:\playground\lf-todo"
Command line defined: "BUILD_RESOURCES_DIR=D:\playground\lf-todo\build"
Command line defined: "APP_PACKAGE_NAME=lf-todo"
Command line defined: "UNINSTALL_URL_HELP=https://gitee.com/online-dating-LT/lf-todo"
Command line defined: "UNINSTALL_URL_INFO_ABOUT=https://gitee.com/online-dating-LT/lf-todo"
Command line defined: "UNINSTALL_URL_UPDATE_INFO=https://gitee.com/online-dating-LT/lf-todo"
Command line defined: "UNINSTALL_URL_README=https://gitee.com/online-dating-LT/lf-todo"
Command line defined: "MUI_ICON=D:\playground\lf-todo\build\icon.ico"
Command line defined: "MUI_UNICON=D:\playground\lf-todo\build\icon.ico"
Command line defined: "APP_64=D:\playground\lf-todo\dist\lf-todo-1.0.0-x64.nsis.7z"
Command line defined: "APP_64_NAME=lf-todo-1.0.0-x64.nsis.7z"
Command line defined: "APP_64_HASH=C53DCC2E36DF859CAFBF416F05B9893EA4FE36D6BC5813F9128300D91A78F749C62B1239A81265F6C3951F0DE227FE86D8FE78F85E9E6C2E30E72F393E34BF4B"
Command line defined: "APP_64_UNPACKED_SIZE=347201"
Command line defined: "COMPANY_NAME=LF"
Command line defined: "APP_INSTALLER_STORE_FILE=lf-todo-updater\installer.exe"
Command line defined: "COMPRESSION_METHOD=7z"
Command line defined: "MULTIUSER_INSTALLMODE_ALLOW_ELEVATION"
Command line defined: "INSTALL_MODE_PER_ALL_USERS_REQUIRED"
Command line defined: "allowToChangeInstallationDirectory"
Command line defined: "SHORTCUT_NAME=�������"
Command line defined: "UNINSTALL_DISPLAY_NAME=�������"
Command line defined: "RECREATE_DESKTOP_SHORTCUT"
Command line defined: "MUI_WELCOMEFINISHPAGE_BITMAP=${NSISDIR}\Contrib\Graphics\Wizard\nsis3-metro.bmp"
Command line defined: "MUI_UNWELCOMEFINISHPAGE_BITMAP=${NSISDIR}\Contrib\Graphics\Wizard\nsis3-metro.bmp"
Command line defined: "ESTIMATED_SIZE=347201"
Command line defined: "COMPRESS=auto"
Command line defined: "BUILD_UNINSTALLER"
Command line defined: "UNINSTALLER_OUT_FILE=D:\playground\lf-todo\dist\lf-todo-1.0.0-setup.__uninstaller.exe"
Processing config: C:\Users\lsym005061\AppData\Local\electron-builder\Cache\nsis\nsis-3.0.4.1-nsis-3.0.4.1\nsisconf.nsh
Processing script file: "<stdin>" (UTF8)

Error output:
Error while loading icon from "D:\playground\lf-todo\build\icon.ico": unable to read icon from file
Error in macro MUI_INTERFACE on macroline 87
Error in macro MUI_UNPAGE_INIT on macroline 7
Error in macro MUI_UNPAGE_WELCOME on macroline 5
!include: error in script: "assistedInstaller.nsh" on line 70
Error in script "<stdin>" on line 117 -- aborting creation process
  failedTask=build stackTrace=Error: C:\Users\lsym005061\AppData\Local\electron-builder\Cache\nsis\nsis-3.0.4.1-nsis-3.0.4.1\Bin\makensis.exe process failed ERR_ELECTRON_BUILDER_CANNOT_EXECUTE
Exit code:
1
Output:
Command line defined: "APP_ID=com.lf.todo"
Command line defined: "APP_GUID=90731414-4ae5-5132-ae23-e7f9d3e2f4aa"
Command line defined: "UNINSTALL_APP_KEY=90731414-4ae5-5132-ae23-e7f9d3e2f4aa"
Command line defined: "PRODUCT_NAME=�������"
Command line defined: "PRODUCT_FILENAME=lf-todo"
Command line defined: "APP_FILENAME=lf-todo"
Command line defined: "APP_DESCRIPTION=������� - ���������ش��������������"
Command line defined: "VERSION=1.0.0"
Command line defined: "PROJECT_DIR=D:\playground\lf-todo"
Command line defined: "BUILD_RESOURCES_DIR=D:\playground\lf-todo\build"
Command line defined: "APP_PACKAGE_NAME=lf-todo"
Command line defined: "UNINSTALL_URL_HELP=https://gitee.com/online-dating-LT/lf-todo"
Command line defined: "UNINSTALL_URL_INFO_ABOUT=https://gitee.com/online-dating-LT/lf-todo"
Command line defined: "UNINSTALL_URL_UPDATE_INFO=https://gitee.com/online-dating-LT/lf-todo"
Command line defined: "UNINSTALL_URL_README=https://gitee.com/online-dating-LT/lf-todo"
Command line defined: "MUI_ICON=D:\playground\lf-todo\build\icon.ico"
Command line defined: "MUI_UNICON=D:\playground\lf-todo\build\icon.ico"
Command line defined: "APP_64=D:\playground\lf-todo\dist\lf-todo-1.0.0-x64.nsis.7z"
Command line defined: "APP_64_NAME=lf-todo-1.0.0-x64.nsis.7z"
Command line defined: "APP_64_HASH=C53DCC2E36DF859CAFBF416F05B9893EA4FE36D6BC5813F9128300D91A78F749C62B1239A81265F6C3951F0DE227FE86D8FE78F85E9E6C2E30E72F393E34BF4B"
Command line defined: "APP_64_UNPACKED_SIZE=347201"
Command line defined: "COMPANY_NAME=LF"
Command line defined: "APP_INSTALLER_STORE_FILE=lf-todo-updater\installer.exe"
Command line defined: "COMPRESSION_METHOD=7z"
Command line defined: "MULTIUSER_INSTALLMODE_ALLOW_ELEVATION"
Command line defined: "INSTALL_MODE_PER_ALL_USERS_REQUIRED"
Command line defined: "allowToChangeInstallationDirectory"
Command line defined: "SHORTCUT_NAME=�������"
Command line defined: "UNINSTALL_DISPLAY_NAME=�������"
Command line defined: "RECREATE_DESKTOP_SHORTCUT"
Command line defined: "MUI_WELCOMEFINISHPAGE_BITMAP=${NSISDIR}\Contrib\Graphics\Wizard\nsis3-metro.bmp"
Command line defined: "MUI_UNWELCOMEFINISHPAGE_BITMAP=${NSISDIR}\Contrib\Graphics\Wizard\nsis3-metro.bmp"
Command line defined: "ESTIMATED_SIZE=347201"
Command line defined: "COMPRESS=auto"
Command line defined: "BUILD_UNINSTALLER"
Command line defined: "UNINSTALLER_OUT_FILE=D:\playground\lf-todo\dist\lf-todo-1.0.0-setup.__uninstaller.exe"
Processing config: C:\Users\lsym005061\AppData\Local\electron-builder\Cache\nsis\nsis-3.0.4.1-nsis-3.0.4.1\nsisconf.nsh
Processing script file: "<stdin>" (UTF8)
                                                                                                                                                                                                                                                                                                                                                                                                                                                                                                                                                                                                                                                                                                                                                                                                                                                                                                                                                                                                                                                                                                                                                                                                                                                                                                                                                                                                                                                                                                                                                                                                                                                                                                                                                                                                                                                                                                                                                                                                                                                                                                                                                                                                                                                                                                                                                                                                                                                                                                                                                                                                                                                                                                                                                                                                                                                                                                                                                                                                                                                                                                                                                                                                                                                                                                                                    Error output:
Error while loading icon from "D:\playground\lf-todo\build\icon.ico": unable to read icon from file
Error in macro MUI_INTERFACE on macroline 87
Error in macro MUI_UNPAGE_INIT on macroline 7
Error in macro MUI_UNPAGE_WELCOME on macroline 5
!include: error in script: "assistedInstaller.nsh" on line 70
Error in script "<stdin>" on line 117 -- aborting creation process
                                                                                                                                                                                                                                                                                                                                                                                                                                                                                                                                                                                                                                                                                                                                                                                                                                                                                                                                                                                                                                                                                                                                                                                                                                                                                                                                                                                                                                                                                                                                                                                                                                                                                                                                                                                                                                                                                                                                                                                                                                                                                                                                                                                                                                                                                                                                                                                                                                                                                                                                                                                                                                                                                                                                                                                                                                                                                                                                                                                                                                                                                                                                                                                                                                                                                                                                        at ChildProcess.<anonymous> (D:\playground\lf-todo\node_modules\.pnpm\builder-util@26.4.1\node_modules\builder-util\src\util.ts:272:14)
    at Object.onceWrapper (node:events:634:26)
    at ChildProcess.emit (node:events:519:28)
    at ChildProcess.cp.emit (D:\playground\lf-todo\node_modules\.pnpm\cross-spawn@7.0.6\node_modules\cross-spawn\lib\enoent.js:34:29)
    at maybeClose (node:internal/child_process:1101:16)
    at Process.ChildProcess._handle.onexit (node:internal/child_process:304:5)
